C51 COMPILER V8.02   MMS                                                                   03/12/2009 22:29:20 PAGE 1   


C51 COMPILER V8.02, COMPILATION OF MODULE MMS
OBJECT MODULE PLACED IN mms.OBJ
COMPILER INVOKED BY: C:\Keil\C51\BIN\C51.EXE mms.c BROWSE DEBUG OBJECTEXTEND

line level    source

   1          #include<AT89x51.h> 
   2          #include"intrins.h"
   3          #include"key.h"
   4          #include"xsh.h"
   5          #include"24c02.h"
   6          #define ulong unsigned long
   7          bit  BJCB=0;//报警标志                                    
   8               XG=0,//修改密码标志位
   9               BJ=0,//报警标志位
  10               SJ=0;//锁键盘标志位
  11              // xg=0;//修改密码标志位
  12          uchar PSWD0_0[16]={0};//密码输入缓存存储单元
  13          //uchar code PSWD0_1[16]={1,2,3,4,5,6,7,8,1,2,3,4,5,6,7,8};//用户初始密码存储单元
  14          //uchar PSWD1_0[16]={0};//读出密码缓存存储单元
  15          uchar PSWD1_1[16]={1,2,3,4,5,6,7,8,1,2,3,4,5,6,7,8};////管理员初始密码存储单元
  16          sbit OUT=P3^5;//输出端口
  17          sbit L1=P0^2;//上电指示
  18          sbit L2=P0^1;//开锁指示
  19          sbit L3=P0^0;//报警指示
  20          uint   mg=0,//密码个数
  21                 KSC=0,//开锁次数
  22                 BJC=0,//报警次数
  23                     TCNTY=0,//用户按键定时次数累加
  24                     TCNTG=0,//管理员输入密码定时次数
  25                     yhsh,//用户输入标志位
  26                     glsh,//管理员输标志位
  27                     shw;//密码输完标志位
  28          void yhmimaxig();//密码修改程序
  29          void glmimaxig();//管理员修改程序
  30          void bjyin(ulong t)
  31          {
  32   1       ulong c;
  33   1       uint n;
  34   1       for(c=0;c<t;c++)
  35   1      {
  36   2       for(n=0;n<50;n++); //延时
  37   2       BEEP=~BEEP; //取反输出到喇叭的信号
  38   2      }
  39   1      }
  40           void delay_10ms(void)
  41          {
  42   1              uint i = 1000;
  43   1              while(i--);
  44   1      }
  45          //////////////定时中断服务函数//////////////////////////////////////
  46           void timer0() interrupt 1 
  47          { 
  48   1       uint i;
  49   1       TH0=(65536-50000)/256; //对TH0 TL0赋值50MS定时
  50   1       TL0=(65536-50000)%256; //重装计数初值
  51   1       if(yhsh==1) 
  52   1       {
  53   2        TCNTY++;//用户定时计数
  54   2        if(shw==1)
  55   2       {
C51 COMPILER V8.02   MMS                                                                   03/12/2009 22:29:20 PAGE 2   

  56   3        TR0=0;
  57   3        TCNTY=0;
  58   3        }
  59   2        if(TCNTY==400)
  60   2        { 
  61   3         TR0=0;//关闭T0定时器
  62   3         TCNTY=0;
  63   3          mg=0;//密码个数清零
  64   3              L1=1;
  65   3              for(i=0;i<2;i++)//声光报警电路
  66   3               {
  67   4                        L3=0;
  68   4                        bjyin(1000);
  69   4                        L3=1;
  70   4                        delay(1000);
  71   4                } 
  72   3                L1=0; 
  73   3           }
  74   2          } 
  75   1              else if(glsh==1)
  76   1                  {
  77   2                       TCNTG++;//管理员定时计数
  78   2               if(shw==1)
  79   2              {
  80   3                 TR0=0;
  81   3                 TCNTG=0;
  82   3               }
  83   2             if(TCNTG==400)
  84   2             { 
  85   3              TR0=0;//关闭T0定时器
  86   3              TCNTG=0;
  87   3              mg=0;//密码个数清零
  88   3                      L1=1;
  89   3                   for(i=0;i<2;i++)//声光报警电路
  90   3                  {
  91   4                        L3=0;
  92   4                        bjyin(1000);
  93   4                        L3=1;
  94   4                        delay(1000);
  95   4                       }
  96   3                       L1=0; 
  97   3                      }
  98   2                      }       
  99   1                      }                
 100                      
 101          void main()
 102          {  
 103   1         uint i;
 104   1         TMOD=0x01;  //定时器工作在方式1
 105   1         ET0=1; 
 106   1         EA=1;
 107   1         TH0=(65536-50000)/256; //对TH0 TL0赋值
 108   1         TL0=(65536-50000)%256; //使定时器0.05秒中断一次
 109   1        //Read_page24c02(0x00,PSWD1_1,16);//向24c02里读用户初始密码
 110   1         //i2cWrite24LC16B(0,0X20);
 111   1       /////////////第一次向24c02里写入初始管理员密码、用户密码、开锁次数/////////////////////
 112   1         for(i=0;i<16;i++)    //用一次写一个向24c02里写
 113   1        {
 114   2         i2cWrite24LC16B(PSWD1_1[i],i);
 115   2         delay_10ms;  
*** WARNING C275 IN LINE 115 OF MMS.C: expression with possibly no effect
 116   2        } 
C51 COMPILER V8.02   MMS                                                                   03/12/2009 22:29:20 PAGE 3   

 117   1         for(i=0;i<16;i++)    //用一次写一个向24c02里写
 118   1        {
 119   2         i2cWrite24LC16B(PSWD1_1[i],0x10+i);
 120   2         delay_10ms;  
*** WARNING C275 IN LINE 120 OF MMS.C: expression with possibly no effect
 121   2        }  //proteus仿真时用，烧程序时，第一次用，第二次不用。
 122   1        KSC=i2cRead24LC16B(0X20);
 123   1       loop:  L1=0;//上电红灯亮
 124   1                      L2=1;//开锁成功后绿灯亮
 125   1                      L3=1;//输错时黄灯亮报警
 126   1                      OUT=0;//开信号关闭
 127   1             display_0(KSC);//开锁前显示
 128   1                  
 129   1      ///////////密码输入/////////////////
 130   1       if(SJ==0)//锁键盘标志位为0
 131   1       { 
 132   2        do
 133   2         {
 134   3          flag=0;//键盘标志位
 135   3          key();
 136   3              if(flag==1&&num==12) //判断是否为管理员功能键按下
 137   3              {
 138   4               goto gl;
 139   4              }
 140   3              if(flag==1&&num<=9)
 141   3               {
 142   4                PSWD0_0[mg]=num;
 143   4                mg++;//密码个数
 144   4               }
 145   3               if(flag==1&&num==14&&mg>=1)//输入错误删除
 146   3               {
 147   4                 mg=mg-1;
 148   4                 } 
 149   3               if(mg==1) //有密码键按下开定时器限时
 150   3               {
 151   4                TR0=1;
 152   4                yhsh=1; 
 153   4                }
 154   3         }    
 155   2         while(num!=15);
 156   2         if(mg!=16)
 157   2         {
 158   3          for(i=mg;i<16;i++)
 159   3              {
 160   4               PSWD0_0[i]=0;
 161   4              }
 162   3         }   
 163   2      /////////////////密码比较电路////////////////////////////
 164   2       if(flag==1&&num==15)  
 165   2       { flag=0;
 166   3         yhsh=0;
 167   3         shw=1;
 168   3         num=0;
 169   3        for(i=0;i<16;i++)     //从24c02里读出16个密码
 170   3        {
 171   4          PSWD1_1[i]=i2cRead24LC16B(i);
 172   4          delay_10ms;  
*** WARNING C275 IN LINE 172 OF MMS.C: expression with possibly no effect
 173   4        }
 174   3        for(i=0;i<16;i++)
 175   3       {
 176   4         if(PSWD1_1[i]!=PSWD0_0[i])
C51 COMPILER V8.02   MMS                                                                   03/12/2009 22:29:20 PAGE 4   

 177   4         {
 178   5           BJCB=1;
 179   5           break;
 180   5              }
 181   4         else
 182   4         BJCB=0;      
 183   4         
 184   4        }
 185   3       }
 186   2         if(BJCB!=0)
 187   2             { 
 188   3                   BJC++; 
 189   3                       if(BJC!=3)     
 190   3                  {
 191   4                       BJCB=0; //第一次和第二次报警
 192   4                   delay(500);
 193   4                       mg=0;//密码个数清零
 194   4                       L1=1;
 195   4                       for(i=0;i<3;i++)//声光报警电路
 196   4                       {
 197   5                        L3=0;
 198   5                        display_3();
 199   5                        bjyin(1000);
 200   5                        L3=1;
 201   5                        delay(1000);
 202   5                        }
 203   4                       goto loop;      
 204   4                      }
 205   3                else if(BJC==3)
 206   3                  {
 207   4                       BJC=0;
 208   4                   BJCB=0;
 209   4                   display_5();//三次输入密码失败,自锁
 210   4                   SJ=1;//锁键盘标志位
 211   4                   mg=0;//密码个数清零
 212   4                       L1=1;
 213   4                       for(i=0;i<2;i++)//声光报警电路
 214   4                       {
 215   5                        L3=0;
 216   5                        bjyin(1000);
 217   5                        L3=1;
 218   5                        delay(1000);
 219   5                        }
 220   4                   goto loop;
 221   4                      } 
 222   3                      }         
 223   2                 else 
 224   2                 if(BJCB==0)
 225   2                {
 226   3                 KSC++;
 227   3                 display_1(KSC);
 228   3                 i2cWrite24LC16B(KSC,0X20);
 229   3                 if(KSC==100)
 230   3                 {
 231   4                  SJ=1; 
 232   4                       }
 233   3                 L2=0;
 234   3                 L1=1;
 235   3                 OUT=1;
 236   3                 mg=0;//密码个数清零
 237   3       loop1:do          //键盘扫描等待功能键按下
 238   3                 {
C51 COMPILER V8.02   MMS                                                                   03/12/2009 22:29:20 PAGE 5   

 239   4                  flag=0;
 240   4                  key();
 241   4                      if(flag)
 242   4                 {    
 243   5                   flag=0;
 244   5                  switch(num)
 245   5                 {   
 246   6                  case 13:       
 247   6                      {
 248   7                                display_2();
 249   7                   do
 250   7                  {
 251   8                   flag=0;//键盘标志位
 252   8                   key();
 253   8                      if(flag==1&&num<=9)
 254   8                     {
 255   9                       PSWD0_0[mg]=num;
 256   9                       mg++;//密码个数
 257   9                      }
 258   8                     if(flag==1&&num==14&&mg>=1)//输入错误删除
 259   8                    {
 260   9                     mg=mg-1;
 261   9                    }
 262   8                    if(mg==16)
 263   8                   {
 264   9                     do          //键盘扫描等待功能键按下
 265   9                   {
 266  10                     flag=0;
 267  10                     key();
 268  10                   }
 269   9                  while(num!=15);
 270   9                 } 
 271   8             }        
 272   7             while(num!=15);
 273   7            if(mg!=16&&num==15)
 274   7           {
 275   8            for(i=mg;i<16;i++)
 276   8               {
 277   9                 PSWD0_0[i]=0;
 278   9                }
 279   8               }
 280   7              if(flag==1&&num==15)
 281   7         { 
 282   8           flag=0;    
 283   8               mg=0;
 284   8         for(i=0;i<16;i++)    //用一次写一个向24c02里写
 285   8        {
 286   9         i2cWrite24LC16B(PSWD0_0[i],i);
 287   9         delay_10ms;  
*** WARNING C275 IN LINE 287 OF MMS.C: expression with possibly no effect
 288   9        } 
 289   8        display_1(KSC);
 290   8         do      //键盘扫描等待功能键按下
 291   8         {
 292   9               flag=0;
 293   9               key();
 294   9              }
 295   8              while(num!=11); //按下返回键，锁锁返回 
 296   8              {
 297   9            goto loop;
 298   9              }
 299   8          }
C51 COMPILER V8.02   MMS                                                                   03/12/2009 22:29:20 PAGE 6   

 300   7              };break;
 301   6                      
 302   6         case 11: {
 303   7                             goto loop;
 304   7                                        //break;           
 305   7                          }
 306   6                          }
 307   5                              }
 308   4                              }
 309   3                while(flag!=0);//如果设置密码键按下
 310   3                goto loop1;
 311   3       // i2cWrite24c02_page(0x00,PSWD1_1,mg);
 312   3         } 
 313   2         }
 314   1       else
 315   1          { 
 316   2               do
 317   2          {
 318   3          flag=0;
 319   3          key();
 320   3              }
 321   2              while(num!=12);//判断是否为管理员功能键按下       
 322   2        gl:do//管理员输入密码
 323   2           { 
 324   3           flag=0;
 325   3           key();
 326   3               if(flag==1&&num<=9)
 327   3               {
 328   4                PSWD0_0[mg]=num;
 329   4                mg++;//密码个数
 330   4               }
 331   3               if(flag==1&&num==14&&mg>=1)//删除键按下
 332   3               {
 333   4                 mg=mg-1;
 334   4               } 
 335   3               if(mg==1)
 336   3                {
 337   4                 TR0=1;
 338   4                }//开定时器TO限5秒开锁
 339   3            } 
 340   2         while(num!=15);
 341   2         if(mg!=16&&num==15)
 342   2         {
 343   3          for(i=mg;i<16;i++)
 344   3              {
 345   4               PSWD0_0[i]=0;
 346   4              }
 347   3         }
 348   2        //////////管理员密码比较///////////////////////
 349   2       //Read_page24c02(0x10,PSWD0_1,16)
 350   2      for(i=0;i<16;i++)       //从24c02里读出16个密码
 351   2      {
 352   3          PSWD1_1[i]=i2cRead24LC16B((0x10+i));
 353   3          delay_10ms;  
*** WARNING C275 IN LINE 353 OF MMS.C: expression with possibly no effect
 354   3      }       
 355   2      if(flag==1&&num==15)  
 356   2      {  flag=0;
 357   3         shw=1;
 358   3         num=0;
 359   3        for(i=0;i<mg;i++)
 360   3       {
C51 COMPILER V8.02   MMS                                                                   03/12/2009 22:29:20 PAGE 7   

 361   4         if(PSWD1_1[i]!=PSWD0_0[i])
 362   4         { BJCB=1;
 363   5           break;
 364   5              }
 365   4         else 
 366   4         BJCB=0;
 367   4         }
 368   3         }
 369   2         if(BJCB!=0)
 370   2             { 
 371   3                   BJC++; 
 372   3                       if(BJC!=3)     
 373   3                  { 
 374   4                       BJCB=0; //第一次和第二次报警
 375   4                   
 376   4                       mg=0;//密码个数清零
 377   4                       L1=1;
 378   4                       for(i=0;i<2;i++)//声光报警电路
 379   4                       {
 380   5                        L3=0;
 381   5                        display_3();
 382   5                        bjyin(1000);
 383   5                        L3=1;
 384   5                        delay(1000);
 385   5                        }
 386   4                       display_1(KSC);
 387   4                       goto loop;      
 388   4                      }
 389   3                else
 390   3                  {
 391   4                       BJCB=0;
 392   4                   display_5();//三次输入密码失败,自锁
 393   4                   mg=0;//密码个数清零
 394   4                       delay(10000);
 395   4                       display_1(KSC);
 396   4                   goto loop; 
 397   4                      }       
 398   3                 }   
 399   2                 else 
 400   2                { 
 401   3                 SJ=0;
 402   3                 display_4();//管理员开锁显示
 403   3             mg=0;
 404   3                 L2=0;
 405   3                 L1=1;
 406   3                 L3=0;//密码个数清零
 407   3                 do      //键盘扫描等待功能键按下
 408   3                 {
 409   4                  flag=0;
 410   4                  key();
 411   4                 }
 412   3                 while(flag==0); //如果设置密码键按下
 413   3                 if(flag==1&&num==13)
 414   3                 {
 415   4                   flag=0;
 416   4                   display_2();
 417   4                   do
 418   4                  {
 419   5                   flag=0;//键盘标志位
 420   5                   key();
 421   5                      if(flag==1&&num<=9)
 422   5                     {
C51 COMPILER V8.02   MMS                                                                   03/12/2009 22:29:20 PAGE 8   

 423   6                       PSWD0_0[mg]=num;
 424   6                       mg++;//密码个数
 425   6                      }
 426   5                     if(flag==1&&num==14&&mg>=1)//输入错误删除
 427   5                   {
 428   6                     mg=mg-1;
 429   6                    }
 430   5                    if(mg==16)
 431   5                   {
 432   6                     do          //键盘扫描等待功能键按下
 433   6                   {
 434   7                     flag=0;
 435   7                     key();
 436   7                   }
 437   6                  while(num!=15);
 438   6                 } 
 439   5             }        
 440   4             while(num!=15);
 441   4            if(mg!=16&&num==15)
 442   4           {
 443   5            for(i=mg;i<16;i++)
 444   5               {
 445   6                 PSWD0_0[i]=0;
 446   6                }
 447   5               }
 448   4              if(flag==1&&num==15)
 449   4         { 
 450   5           flag=0;    
 451   5               mg=0;
 452   5         for(i=0;i<16;i++)    //用一次写一个向24c02里写
 453   5        {
 454   6         i2cWrite24LC16B(PSWD0_0[i],(0x10+i));
 455   6         delay_10ms;  
*** WARNING C275 IN LINE 455 OF MMS.C: expression with possibly no effect
 456   6        } 
 457   5        display_4();
 458   5         do      //键盘扫描等待功能键按下
 459   5         {
 460   6               flag=0;
 461   6               key();
 462   6              }
 463   5              while(num!=11); //按下返回键，锁锁返回 
 464   5              {
 465   6            goto loop;
 466   6              }
 467   5          }
 468   4                 }
 469   3                 if(flag==1&&num==10)
 470   3                 {
 471   4                  KSC=0;
 472   4                      i2cWrite24LC16B(KSC,0X20);
 473   4                      display_1(KSC);
 474   4                  do     //键盘扫描等待功能键按下
 475   4                 {
 476   5                  flag=0;
 477   5                  key();
 478   5                 }
 479   4                 while(num!=11);//按下返回键，锁锁返回 
 480   4                  goto loop; 
 481   4             }
 482   3                 if(flag==1&&num==11)//按下返回键，锁锁返回 
 483   3                 {
C51 COMPILER V8.02   MMS                                                                   03/12/2009 22:29:20 PAGE 9   

 484   4                  goto loop;
 485   4                      }
 486   3             }
 487   2                 }
 488   1                 }


MODULE INFORMATION:   STATIC OVERLAYABLE
   CODE SIZE        =   2758    ----
   CONSTANT SIZE    =     50    ----
   XDATA SIZE       =   ----    ----
   PDATA SIZE       =   ----    ----
   DATA SIZE        =     55      38
   IDATA SIZE       =   ----    ----
   BIT SIZE         =      2    ----
END OF MODULE INFORMATION.


C51 COMPILATION COMPLETE.  6 WARNING(S),  0 ERROR(S)
