C51 COMPILER V9.52.0.0   CHENGXU                                                           01/18/2016 21:37:52 PAGE 1   


C51 COMPILER V9.52.0.0, COMPILATION OF MODULE CHENGXU
OBJECT MODULE PLACED IN chengxu.OBJ
COMPILER INVOKED BY: G:\Keil C 软件\C51\BIN\C51.EXE chengxu.c BROWSE DEBUG OBJECTEXTEND TABS(2)

line level    source

   1          /********************************************************************
   2                                      天马电子
   3          产品有售淘宝店：http://tianmadianzi.taobao.com   
   4          *********************************************************************/
   5          #include<reg52.h>          //库文件
   6          #define uchar unsigned char//宏定义无符号字符型
   7          #define uint unsigned int  //宏定义无符号整型
   8          /********************************************************************
   9                                      初始定义
  10          *********************************************************************/
  11          uchar temp;    //定义字符型变量
  12          uchar a,b,i;
  13          /********************************************************************
  14                                      延时函数
  15          *********************************************************************/
  16          void delay()//延时程序
  17          {
  18   1        uchar m,n,s;
  19   1        for(m=20;m>0;m--)
  20   1        for(n=20;n>0;n--)
  21   1        for(s=248;s>0;s--);
  22   1      }
  23          /********************************************************************
  24                                      主函数
  25          *********************************************************************/
  26          void main()
  27          {
  28   1        temp=0xfe; //11111110定义每次一个灯亮
  29   1        while(1)
  30   1        {
  31   2          P3=P2=P0=P1=temp;//直接对1/0口赋值，使批输出低电平。
  32   2          delay();//延时
  33   2          for(i=1;i<8;i++)//实现广告灯的从右到左移动
  34   2            {
  35   3              a=temp<<i;    //左移i位
  36   3              P3=P2=P0=P1=a;//相与求值
  37   3              delay();
  38   3            }
  39   2        }
  40   1      } 
  41            
  42          /********************************************************************
  43                                        结束
  44          *********************************************************************/


MODULE INFORMATION:   STATIC OVERLAYABLE
   CODE SIZE        =     64    ----
   CONSTANT SIZE    =   ----    ----
   XDATA SIZE       =   ----    ----
   PDATA SIZE       =   ----    ----
   DATA SIZE        =      4    ----
   IDATA SIZE       =   ----    ----
   BIT SIZE         =   ----    ----
END OF MODULE INFORMATION.

C51 COMPILER V9.52.0.0   CHENGXU                                                           01/18/2016 21:37:52 PAGE 2   


C51 COMPILATION COMPLETE.  0 WARNING(S),  0 ERROR(S)
